To honour the JVM settings for this build a single-use Daemon process will be forked. For more on this, please refer to https://docs.gradle.org/8.10.2/userguide/gradle_daemon.html#sec:disabling_the_daemon in the Gradle documentation.
Daemon will be stopped at the end of the build 
> Task :app:preBuild UP-TO-DATE
> Task :app:preReleaseBuild UP-TO-DATE
> Task :app:mergeReleaseJniLibFolders
> Task :app:mergeReleaseNativeLibs
> Task :app:buildKotlinToolingMetadata
> Task :app:checkReleaseDuplicateClasses
> Task :app:checkKotlinGradlePluginConfigurationErrors SKIPPED

> Task :app:stripReleaseDebugSymbols
Unable to strip the following libraries, packaging them as they are: libimage_processing_util_jni.so, libsurface_util_jni.so.

> Task :app:generateReleaseResValues
> Task :app:extractReleaseNativeSymbolTables
> Task :app:checkReleaseAarMetadata
> Task :app:mapReleaseSourceSetPaths
> Task :app:mergeReleaseNativeDebugMetadata NO-SOURCE
> Task :app:generateReleaseResources
> Task :app:packageReleaseResources
> Task :app:createReleaseCompatibleScreenManifests
> Task :app:extractDeepLinksRelease
> Task :app:mergeReleaseResources
> Task :app:parseReleaseLocalResources
> Task :app:processReleaseMainManifest
> Task :app:processReleaseManifest
> Task :app:javaPreCompileRelease
> Task :app:desugarReleaseFileDependencies
> Task :app:mergeReleaseStartupProfile
> Task :app:processReleaseManifestForPackage
> Task :app:mergeReleaseArtProfile
> Task :app:mergeReleaseShaders
> Task :app:compileReleaseShaders NO-SOURCE
> Task :app:generateReleaseAssets UP-TO-DATE
> Task :app:mergeReleaseAssets
> Task :app:compressReleaseAssets
> Task :app:extractReleaseVersionControlInfo
> Task :app:collectReleaseDependencies
> Task :app:processReleaseResources
> Task :app:sdkReleaseDependencyData
> Task :app:validateSigningRelease
> Task :app:writeReleaseAppMetadata
> Task :app:writeReleaseSigningConfigVersions
> Task :app:optimizeReleaseResources
> Task :app:mergeExtDexRelease

> Task :app:compileReleaseKotlin
w: file:///home/runner/work/cicero-nfc/cicero-nfc/app/src/main/java/dk/kasvan/ciceronfc/MainActivity.kt:1239:54 'fun onBackPressed(): Unit' is deprecated. Deprecated in Java.
w: file:///home/runner/work/cicero-nfc/cicero-nfc/app/src/main/java/dk/kasvan/ciceronfc/ScanActivity.kt:162:16 'var statusBarColor: Int' is deprecated. Deprecated in Java.
w: file:///home/runner/work/cicero-nfc/cicero-nfc/app/src/main/java/dk/kasvan/ciceronfc/ScanActivity.kt:163:16 'var navigationBarColor: Int' is deprecated. Deprecated in Java.
w: file:///home/runner/work/cicero-nfc/cicero-nfc/app/src/main/java/dk/kasvan/ciceronfc/TagToolActivity.kt:296:16 'var statusBarColor: Int' is deprecated. Deprecated in Java.
w: file:///home/runner/work/cicero-nfc/cicero-nfc/app/src/main/java/dk/kasvan/ciceronfc/TagToolActivity.kt:297:16 'var navigationBarColor: Int' is deprecated. Deprecated in Java.

> Task :app:compileReleaseJavaWithJavac NO-SOURCE
> Task :app:dexBuilderRelease
> Task :app:mergeReleaseGlobalSynthetics
> Task :app:processReleaseJavaRes
> Task :app:mergeReleaseJavaResource
> Task :app:mergeDexRelease
> Task :app:compileReleaseArtProfile
> Task :app:packageRelease
> Task :app:createReleaseApkListingFileRedirect
> Task :app:assembleRelease
gradle/actions: Writing build results to /home/runner/work/_temp/.gradle-actions/build-results/__run_3-1791662897328.json

BUILD SUCCESSFUL in 40s
43 actionable tasks: 43 executed
